Release 14.7 - xst P.20131013 (nt64)
Copyright (c) 1995-2013 Xilinx, Inc.  All rights reserved.
--> Parameter TMPDIR set to xst/projnav.tmp


Total REAL time to Xst completion: 1.00 secs
Total CPU time to Xst completion: 0.45 secs
 
--> Parameter xsthdpdir set to xst


Total REAL time to Xst completion: 1.00 secs
Total CPU time to Xst completion: 0.46 secs
 
--> Reading design: Serial_Comm.prj

TABLE OF CONTENTS
  1) Synthesis Options Summary
  2) HDL Parsing
  3) HDL Elaboration
  4) HDL Synthesis
       4.1) HDL Synthesis Report
  5) Advanced HDL Synthesis
       5.1) Advanced HDL Synthesis Report
  6) Low Level Synthesis
  7) Partition Report
  8) Design Summary
       8.1) Primitive and Black Box Usage
       8.2) Device utilization summary
       8.3) Partition Resource Summary
       8.4) Timing Report
            8.4.1) Clock Information
            8.4.2) Asynchronous Control Signals Information
            8.4.3) Timing Summary
            8.4.4) Timing Details
            8.4.5) Cross Clock Domains Report


=========================================================================
*                      Synthesis Options Summary                        *
=========================================================================
---- Source Parameters
Input File Name                    : "Serial_Comm.prj"
Ignore Synthesis Constraint File   : NO

---- Target Parameters
Output File Name                   : "Serial_Comm"
Output Format                      : NGC
Target Device                      : xc6slx16-3-csg324

---- Source Options
Top Module Name                    : Serial_Comm
Automatic FSM Extraction           : YES
FSM Encoding Algorithm             : Auto
Safe Implementation                : No
FSM Style                          : LUT
RAM Extraction                     : Yes
RAM Style                          : Auto
ROM Extraction                     : Yes
Shift Register Extraction          : YES
ROM Style                          : Auto
Resource Sharing                   : YES
Asynchronous To Synchronous        : NO
Shift Register Minimum Size        : 2
Use DSP Block                      : Auto
Automatic Register Balancing       : No

---- Target Options
LUT Combining                      : Auto
Reduce Control Sets                : Auto
Add IO Buffers                     : YES
Global Maximum Fanout              : 100000
Add Generic Clock Buffer(BUFG)     : 16
Register Duplication               : YES
Optimize Instantiated Primitives   : NO
Use Clock Enable                   : Auto
Use Synchronous Set                : Auto
Use Synchronous Reset              : Auto
Pack IO Registers into IOBs        : Auto
Equivalent register Removal        : YES

---- General Options
Optimization Goal                  : Speed
Optimization Effort                : 1
Power Reduction                    : NO
Keep Hierarchy                     : No
Netlist Hierarchy                  : As_Optimized
RTL Output                         : Yes
Global Optimization                : AllClockNets
Read Cores                         : YES
Write Timing Constraints           : NO
Cross Clock Analysis               : NO
Hierarchy Separator                : /
Bus Delimiter                      : <>
Case Specifier                     : Maintain
Slice Utilization Ratio            : 100
BRAM Utilization Ratio             : 100
DSP48 Utilization Ratio            : 100
Auto BRAM Packing                  : NO
Slice Utilization Ratio Delta      : 5

=========================================================================


=========================================================================
*                          HDL Parsing                                  *
=========================================================================
Parsing VHDL file "C:\Xilinx\AdvancedDigitalSystems_Projects\P19a_UniversalAsynchronousReceiver\UAR.vhd" into library work
Parsing entity <Serial_Comm>.
Parsing architecture <Behavioral> of entity <serial_comm>.

=========================================================================
*                            HDL Elaboration                            *
=========================================================================

Elaborating entity <Serial_Comm> (architecture <Behavioral>) from library <work>.

=========================================================================
*                           HDL Synthesis                               *
=========================================================================

Synthesizing Unit <Serial_Comm>.
    Related source file is "C:\Xilinx\AdvancedDigitalSystems_Projects\P19a_UniversalAsynchronousReceiver\UAR.vhd".
    Found 20-bit register for signal <reg>.
    Found 13-bit register for signal <Cont>.
    Found 1-bit register for signal <ClkOut>.
    Found 20-bit register for signal <regtemp>.
    Found 13-bit adder for signal <Cont[12]_GND_3_o_add_1_OUT> created at line 56.
    Summary:
	inferred   1 Adder/Subtractor(s).
	inferred  54 D-type flip-flop(s).
	inferred   2 Multiplexer(s).
Unit <Serial_Comm> synthesized.

=========================================================================
HDL Synthesis Report

Macro Statistics
# Adders/Subtractors                                   : 1
 13-bit adder                                          : 1
# Registers                                            : 4
 1-bit register                                        : 1
 13-bit register                                       : 1
 20-bit register                                       : 2
# Multiplexers                                         : 2
 13-bit 2-to-1 multiplexer                             : 1
 20-bit 2-to-1 multiplexer                             : 1

=========================================================================

=========================================================================
*                       Advanced HDL Synthesis                          *
=========================================================================

WARNING:Xst:2677 - Node <regtemp_0> of sequential type is unconnected in block <Serial_Comm>.
WARNING:Xst:2677 - Node <regtemp_1> of sequential type is unconnected in block <Serial_Comm>.
WARNING:Xst:2677 - Node <regtemp_2> of sequential type is unconnected in block <Serial_Comm>.
WARNING:Xst:2677 - Node <regtemp_4> of sequential type is unconnected in block <Serial_Comm>.
WARNING:Xst:2677 - Node <regtemp_6> of sequential type is unconnected in block <Serial_Comm>.
WARNING:Xst:2677 - Node <regtemp_8> of sequential type is unconnected in block <Serial_Comm>.
WARNING:Xst:2677 - Node <regtemp_10> of sequential type is unconnected in block <Serial_Comm>.
WARNING:Xst:2677 - Node <regtemp_12> of sequential type is unconnected in block <Serial_Comm>.
WARNING:Xst:2677 - Node <regtemp_14> of sequential type is unconnected in block <Serial_Comm>.
WARNING:Xst:2677 - Node <regtemp_16> of sequential type is unconnected in block <Serial_Comm>.
WARNING:Xst:2677 - Node <regtemp_18> of sequential type is unconnected in block <Serial_Comm>.
WARNING:Xst:2677 - Node <regtemp_19> of sequential type is unconnected in block <Serial_Comm>.

Synthesizing (advanced) Unit <Serial_Comm>.
The following registers are absorbed into counter <Cont>: 1 register on signal <Cont>.
Unit <Serial_Comm> synthesized (advanced).
WARNING:Xst:2677 - Node <regtemp_0> of sequential type is unconnected in block <Serial_Comm>.
WARNING:Xst:2677 - Node <regtemp_1> of sequential type is unconnected in block <Serial_Comm>.
WARNING:Xst:2677 - Node <regtemp_2> of sequential type is unconnected in block <Serial_Comm>.
WARNING:Xst:2677 - Node <regtemp_4> of sequential type is unconnected in block <Serial_Comm>.
WARNING:Xst:2677 - Node <regtemp_6> of sequential type is unconnected in block <Serial_Comm>.
WARNING:Xst:2677 - Node <regtemp_8> of sequential type is unconnected in block <Serial_Comm>.
WARNING:Xst:2677 - Node <regtemp_10> of sequential type is unconnected in block <Serial_Comm>.
WARNING:Xst:2677 - Node <regtemp_12> of sequential type is unconnected in block <Serial_Comm>.
WARNING:Xst:2677 - Node <regtemp_14> of sequential type is unconnected in block <Serial_Comm>.
WARNING:Xst:2677 - Node <regtemp_16> of sequential type is unconnected in block <Serial_Comm>.
WARNING:Xst:2677 - Node <regtemp_18> of sequential type is unconnected in block <Serial_Comm>.
WARNING:Xst:2677 - Node <regtemp_19> of sequential type is unconnected in block <Serial_Comm>.

=========================================================================
Advanced HDL Synthesis Report

Macro Statistics
# Counters                                             : 1
 13-bit up counter                                     : 1
# Registers                                            : 29
 Flip-Flops                                            : 29
# Multiplexers                                         : 1
 20-bit 2-to-1 multiplexer                             : 1

=========================================================================

=========================================================================
*                         Low Level Synthesis                           *
=========================================================================

Optimizing unit <Serial_Comm> ...

Mapping all equations...
Building and optimizing final netlist ...
Found area constraint ratio of 100 (+ 5) on block Serial_Comm, actual ratio is 0.

Final Macro Processing ...

=========================================================================
Final Register Report

Macro Statistics
# Registers                                            : 42
 Flip-Flops                                            : 42

=========================================================================

=========================================================================
*                           Partition Report                            *
=========================================================================

Partition Implementation Status
-------------------------------

  No Partitions were found in this design.

-------------------------------

=========================================================================
*                            Design Summary                             *
=========================================================================

Top Level Output File Name         : Serial_Comm.ngc

Primitive and Black Box Usage:
------------------------------
# BELS                             : 85
#      GND                         : 1
#      INV                         : 2
#      LUT1                        : 12
#      LUT2                        : 20
#      LUT3                        : 1
#      LUT4                        : 21
#      LUT6                        : 2
#      MUXCY                       : 12
#      VCC                         : 1
#      XORCY                       : 13
# FlipFlops/Latches                : 42
#      FDC                         : 13
#      FDE                         : 9
#      FDPE                        : 20
# Clock Buffers                    : 1
#      BUFGP                       : 1
# IO Buffers                       : 10
#      IBUF                        : 2
#      OBUF                        : 8

Device utilization summary:
---------------------------

Selected Device : 6slx16csg324-3 


Slice Logic Utilization: 
 Number of Slice Registers:              42  out of  18224     0%  
 Number of Slice LUTs:                   58  out of   9112     0%  
    Number used as Logic:                58  out of   9112     0%  

Slice Logic Distribution: 
 Number of LUT Flip Flop pairs used:     58
   Number with an unused Flip Flop:      16  out of     58    27%  
   Number with an unused LUT:             0  out of     58     0%  
   Number of fully used LUT-FF pairs:    42  out of     58    72%  
   Number of unique control sets:         4

IO Utilization: 
 Number of IOs:                          11
 Number of bonded IOBs:                  11  out of    232     4%  

Specific Feature Utilization:
 Number of BUFG/BUFGCTRLs:                1  out of     16     6%  

---------------------------
Partition Resource Summary:
---------------------------

  No Partitions were found in this design.

---------------------------


=========================================================================
Timing Report

NOTE: THESE TIMING NUMBERS ARE ONLY A SYNTHESIS ESTIMATE.
      FOR ACCURATE TIMING INFORMATION PLEASE REFER TO THE TRACE REPORT
      GENERATED AFTER PLACE-and-ROUTE.

Clock Information:
------------------
-----------------------------------+------------------------+-------+
Clock Signal                       | Clock buffer(FF name)  | Load  |
-----------------------------------+------------------------+-------+
Clk                                | BUFGP                  | 42    |
-----------------------------------+------------------------+-------+

Asynchronous Control Signals Information:
----------------------------------------
No asynchronous control signals found in this design

Timing Summary:
---------------
Speed Grade: -3

   Minimum period: 3.101ns (Maximum Frequency: 322.503MHz)
   Minimum input arrival time before clock: 3.762ns
   Maximum output required time after clock: 3.634ns
   Maximum combinational path delay: No path found

Timing Details:
---------------
All values displayed in nanoseconds (ns)

=========================================================================
Timing constraint: Default period analysis for Clock 'Clk'
  Clock period: 3.101ns (frequency: 322.503MHz)
  Total number of paths / destination ports: 364 / 70
-------------------------------------------------------------------------
Delay:               3.101ns (Levels of Logic = 4)
  Source:            Cont_11 (FF)
  Destination:       Cont_12 (FF)
  Source Clock:      Clk rising
  Destination Clock: Clk rising

  Data Path: Cont_11 to Cont_12
                                Gate     Net
    Cell:in->out      fanout   Delay   Delay  Logical Name (Net Name)
    ----------------------------------------  ------------
     FDC:C->Q             15   0.447   0.982  Cont_11 (Cont_11)
     LUT1:I0->O            1   0.205   0.000  Mcount_Cont_cy<11>_rt (Mcount_Cont_cy<11>_rt)
     MUXCY:S->O            0   0.172   0.000  Mcount_Cont_cy<11> (Mcount_Cont_cy<11>)
     XORCY:CI->O           1   0.180   0.808  Mcount_Cont_xor<12> (Result<12>)
     LUT4:I1->O            1   0.205   0.000  Mcount_Cont_eqn_121 (Mcount_Cont_eqn_12)
     FDC:D                     0.102          Cont_12
    ----------------------------------------
    Total                      3.101ns (1.311ns logic, 1.790ns route)
                                       (42.3% logic, 57.7% route)

=========================================================================
Timing constraint: Default OFFSET IN BEFORE for Clock 'Clk'
  Total number of paths / destination ports: 43 / 43
-------------------------------------------------------------------------
Offset:              3.762ns (Levels of Logic = 2)
  Source:            Rst (PAD)
  Destination:       ClkOut (FF)
  Destination Clock: Clk rising

  Data Path: Rst to ClkOut
                                Gate     Net
    Cell:in->out      fanout   Delay   Delay  Logical Name (Net Name)
    ----------------------------------------  ------------
     IBUF:I->O            42   1.222   1.433  Rst_IBUF (Rst_IBUF)
     INV:I->O              1   0.206   0.579  Rst_inv1_INV_0 (Rst_inv)
     FDE:CE                    0.322          ClkOut
    ----------------------------------------
    Total                      3.762ns (1.750ns logic, 2.012ns route)
                                       (46.5% logic, 53.5% route)

=========================================================================
Timing constraint: Default OFFSET OUT AFTER for Clock 'Clk'
  Total number of paths / destination ports: 8 / 8
-------------------------------------------------------------------------
Offset:              3.634ns (Levels of Logic = 1)
  Source:            regtemp_17 (FF)
  Destination:       DataOut<7> (PAD)
  Source Clock:      Clk rising

  Data Path: regtemp_17 to DataOut<7>
                                Gate     Net
    Cell:in->out      fanout   Delay   Delay  Logical Name (Net Name)
    ----------------------------------------  ------------
     FDE:C->Q              2   0.447   0.616  regtemp_17 (regtemp_17)
     OBUF:I->O                 2.571          DataOut_7_OBUF (DataOut<7>)
    ----------------------------------------
    Total                      3.634ns (3.018ns logic, 0.616ns route)
                                       (83.0% logic, 17.0% route)

=========================================================================

Cross Clock Domains Report:
--------------------------

Clock to Setup on destination clock Clk
---------------+---------+---------+---------+---------+
               | Src:Rise| Src:Fall| Src:Rise| Src:Fall|
Source Clock   |Dest:Rise|Dest:Rise|Dest:Fall|Dest:Fall|
---------------+---------+---------+---------+---------+
Clk            |    3.101|         |         |         |
---------------+---------+---------+---------+---------+

=========================================================================


Total REAL time to Xst completion: 11.00 secs
Total CPU time to Xst completion: 10.61 secs
 
--> 

Total memory usage is 4494588 kilobytes

Number of errors   :    0 (   0 filtered)
Number of warnings :   24 (   0 filtered)
Number of infos    :    0 (   0 filtered)

