--------------------------------------------------------------------------------
Release 14.7 Trace  (nt64)
Copyright (c) 1995-2013 Xilinx, Inc.  All rights reserved.

D:\Xilinx\14.7\ISE_DS\ISE\bin\nt64\unwrapped\trce.exe -intstyle ise -v 3 -s 3
-n 3 -fastpaths -xml Sorter.twx Sorter.ncd -o Sorter.twr Sorter.pcf

Design file:              Sorter.ncd
Physical constraint file: Sorter.pcf
Device,package,speed:     xc6slx16,csg324,C,-3 (PRODUCTION 1.23 2013-10-13)
Report level:             verbose report

Environment Variable      Effect 
--------------------      ------ 
NONE                      No environment variables were set
--------------------------------------------------------------------------------

INFO:Timing:2698 - No timing constraints found, doing default enumeration.
INFO:Timing:3412 - To improve timing, see the Timing Closure User Guide (UG612).
INFO:Timing:2752 - To get complete path coverage, use the unconstrained paths 
   option. All paths that are not constrained will be reported in the 
   unconstrained paths section(s) of the report.
INFO:Timing:3339 - The clock-to-out numbers in this timing report are based on 
   a 50 Ohm transmission line loading model.  For the details of this model, 
   and for more information on accounting for different loading conditions, 
   please see the device datasheet.



Data Sheet report:
-----------------
All values displayed in nanoseconds (ns)

Pad to Pad
---------------+---------------+---------+
Source Pad     |Destination Pad|  Delay  |
---------------+---------------+---------+
A<0>           |Max<0>         |   11.225|
A<0>           |Max<1>         |   11.436|
A<0>           |Max<2>         |   11.322|
A<0>           |Max<3>         |   11.129|
A<0>           |Max<4>         |   10.599|
A<0>           |Max<5>         |   10.987|
A<0>           |Max<6>         |   10.629|
A<0>           |Max<7>         |   10.720|
A<0>           |Med<0>         |   10.499|
A<0>           |Med<1>         |   11.423|
A<0>           |Med<2>         |   11.277|
A<0>           |Med<3>         |   11.082|
A<0>           |Med<4>         |   10.416|
A<0>           |Med<5>         |   10.956|
A<0>           |Med<6>         |   11.641|
A<0>           |Med<7>         |   10.497|
A<0>           |Min<0>         |   12.034|
A<0>           |Min<1>         |   11.794|
A<0>           |Min<2>         |   11.863|
A<0>           |Min<3>         |   11.051|
A<0>           |Min<4>         |   10.949|
A<0>           |Min<5>         |   11.431|
A<0>           |Min<6>         |   12.005|
A<0>           |Min<7>         |   11.198|
A<1>           |Max<0>         |   11.405|
A<1>           |Max<1>         |   11.616|
A<1>           |Max<2>         |   11.502|
A<1>           |Max<3>         |   11.309|
A<1>           |Max<4>         |   10.779|
A<1>           |Max<5>         |   11.167|
A<1>           |Max<6>         |   10.809|
A<1>           |Max<7>         |   10.900|
A<1>           |Med<0>         |   10.332|
A<1>           |Med<1>         |   11.603|
A<1>           |Med<2>         |   11.457|
A<1>           |Med<3>         |   11.262|
A<1>           |Med<4>         |   10.596|
A<1>           |Med<5>         |   10.717|
A<1>           |Med<6>         |   11.402|
A<1>           |Med<7>         |   10.258|
A<1>           |Min<0>         |   11.770|
A<1>           |Min<1>         |   11.530|
A<1>           |Min<2>         |   11.599|
A<1>           |Min<3>         |   11.161|
A<1>           |Min<4>         |   11.129|
A<1>           |Min<5>         |   11.167|
A<1>           |Min<6>         |   11.741|
A<1>           |Min<7>         |   10.959|
A<2>           |Max<0>         |   11.254|
A<2>           |Max<1>         |   11.465|
A<2>           |Max<2>         |   11.351|
A<2>           |Max<3>         |   11.158|
A<2>           |Max<4>         |   10.628|
A<2>           |Max<5>         |   11.016|
A<2>           |Max<6>         |   10.658|
A<2>           |Max<7>         |   10.749|
A<2>           |Med<0>         |   10.437|
A<2>           |Med<1>         |   11.452|
A<2>           |Med<2>         |   11.306|
A<2>           |Med<3>         |   11.111|
A<2>           |Med<4>         |   10.445|
A<2>           |Med<5>         |   10.864|
A<2>           |Med<6>         |   11.549|
A<2>           |Med<7>         |   10.405|
A<2>           |Min<0>         |   12.000|
A<2>           |Min<1>         |   11.760|
A<2>           |Min<2>         |   11.829|
A<2>           |Min<3>         |   11.010|
A<2>           |Min<4>         |   10.978|
A<2>           |Min<5>         |   11.397|
A<2>           |Min<6>         |   11.971|
A<2>           |Min<7>         |   11.106|
A<3>           |Max<0>         |   10.984|
A<3>           |Max<1>         |   11.195|
A<3>           |Max<2>         |   11.081|
A<3>           |Max<3>         |   10.888|
A<3>           |Max<4>         |   10.358|
A<3>           |Max<5>         |   10.746|
A<3>           |Max<6>         |   10.388|
A<3>           |Max<7>         |   10.479|
A<3>           |Med<0>         |   10.390|
A<3>           |Med<1>         |   11.182|
A<3>           |Med<2>         |   11.058|
A<3>           |Med<3>         |   10.841|
A<3>           |Med<4>         |   10.175|
A<3>           |Med<5>         |   10.847|
A<3>           |Med<6>         |   11.532|
A<3>           |Med<7>         |   10.388|
A<3>           |Min<0>         |   11.879|
A<3>           |Min<1>         |   11.639|
A<3>           |Min<2>         |   11.708|
A<3>           |Min<3>         |   10.942|
A<3>           |Min<4>         |   10.708|
A<3>           |Min<5>         |   11.276|
A<3>           |Min<6>         |   11.850|
A<3>           |Min<7>         |   11.089|
A<4>           |Max<0>         |   11.424|
A<4>           |Max<1>         |   11.635|
A<4>           |Max<2>         |   11.521|
A<4>           |Max<3>         |   11.328|
A<4>           |Max<4>         |   10.798|
A<4>           |Max<5>         |   11.186|
A<4>           |Max<6>         |   10.828|
A<4>           |Max<7>         |   10.919|
A<4>           |Med<0>         |   10.793|
A<4>           |Med<1>         |   11.622|
A<4>           |Med<2>         |   11.476|
A<4>           |Med<3>         |   11.281|
A<4>           |Med<4>         |   10.615|
A<4>           |Med<5>         |   11.250|
A<4>           |Med<6>         |   11.935|
A<4>           |Med<7>         |   10.791|
A<4>           |Min<0>         |   12.282|
A<4>           |Min<1>         |   12.042|
A<4>           |Min<2>         |   12.111|
A<4>           |Min<3>         |   11.358|
A<4>           |Min<4>         |   11.148|
A<4>           |Min<5>         |   11.679|
A<4>           |Min<6>         |   12.253|
A<4>           |Min<7>         |   11.492|
A<5>           |Max<0>         |   10.655|
A<5>           |Max<1>         |   10.866|
A<5>           |Max<2>         |   10.752|
A<5>           |Max<3>         |   10.559|
A<5>           |Max<4>         |   10.029|
A<5>           |Max<5>         |   10.417|
A<5>           |Max<6>         |   10.059|
A<5>           |Max<7>         |   10.150|
A<5>           |Med<0>         |    9.852|
A<5>           |Med<1>         |   10.853|
A<5>           |Med<2>         |   10.707|
A<5>           |Med<3>         |   10.512|
A<5>           |Med<4>         |    9.846|
A<5>           |Med<5>         |   10.309|
A<5>           |Med<6>         |   10.994|
A<5>           |Med<7>         |    9.850|
A<5>           |Min<0>         |   11.316|
A<5>           |Min<1>         |   11.076|
A<5>           |Min<2>         |   11.145|
A<5>           |Min<3>         |   10.411|
A<5>           |Min<4>         |   10.379|
A<5>           |Min<5>         |   10.713|
A<5>           |Min<6>         |   11.287|
A<5>           |Min<7>         |   10.551|
A<6>           |Max<0>         |    9.979|
A<6>           |Max<1>         |   10.190|
A<6>           |Max<2>         |   10.076|
A<6>           |Max<3>         |    9.883|
A<6>           |Max<4>         |    9.353|
A<6>           |Max<5>         |    9.741|
A<6>           |Max<6>         |    9.538|
A<6>           |Max<7>         |    9.474|
A<6>           |Med<0>         |   10.269|
A<6>           |Med<1>         |   10.524|
A<6>           |Med<2>         |   10.931|
A<6>           |Med<3>         |   10.214|
A<6>           |Med<4>         |   10.019|
A<6>           |Med<5>         |   10.720|
A<6>           |Med<6>         |   11.405|
A<6>           |Med<7>         |   10.261|
A<6>           |Min<0>         |   11.832|
A<6>           |Min<1>         |   11.592|
A<6>           |Min<2>         |   11.661|
A<6>           |Min<3>         |   10.815|
A<6>           |Min<4>         |    9.799|
A<6>           |Min<5>         |   11.229|
A<6>           |Min<6>         |   11.803|
A<6>           |Min<7>         |   10.962|
A<7>           |Max<0>         |    9.899|
A<7>           |Max<1>         |   10.110|
A<7>           |Max<2>         |    9.996|
A<7>           |Max<3>         |    9.803|
A<7>           |Max<4>         |    9.273|
A<7>           |Max<5>         |    9.661|
A<7>           |Max<6>         |    9.554|
A<7>           |Max<7>         |    9.394|
A<7>           |Med<0>         |   10.279|
A<7>           |Med<1>         |   10.488|
A<7>           |Med<2>         |   10.947|
A<7>           |Med<3>         |   10.230|
A<7>           |Med<4>         |   10.035|
A<7>           |Med<5>         |   10.736|
A<7>           |Med<6>         |   11.421|
A<7>           |Med<7>         |   10.277|
A<7>           |Min<0>         |   11.796|
A<7>           |Min<1>         |   11.556|
A<7>           |Min<2>         |   11.625|
A<7>           |Min<3>         |   10.831|
A<7>           |Min<4>         |    9.763|
A<7>           |Min<5>         |   11.193|
A<7>           |Min<6>         |   11.767|
A<7>           |Min<7>         |   10.978|
B<0>           |Max<0>         |   12.356|
B<0>           |Max<1>         |   12.567|
B<0>           |Max<2>         |   12.453|
B<0>           |Max<3>         |   12.260|
B<0>           |Max<4>         |   11.730|
B<0>           |Max<5>         |   12.118|
B<0>           |Max<6>         |   11.760|
B<0>           |Max<7>         |   11.851|
B<0>           |Med<0>         |   11.311|
B<0>           |Med<1>         |   12.554|
B<0>           |Med<2>         |   12.408|
B<0>           |Med<3>         |   12.213|
B<0>           |Med<4>         |   11.547|
B<0>           |Med<5>         |   11.768|
B<0>           |Med<6>         |   12.453|
B<0>           |Med<7>         |   11.309|
B<0>           |Min<0>         |   12.625|
B<0>           |Min<1>         |   12.437|
B<0>           |Min<2>         |   11.808|
B<0>           |Min<3>         |   12.112|
B<0>           |Min<4>         |   12.080|
B<0>           |Min<5>         |   11.874|
B<0>           |Min<6>         |   12.185|
B<0>           |Min<7>         |   12.010|
B<1>           |Max<0>         |   12.112|
B<1>           |Max<1>         |   12.323|
B<1>           |Max<2>         |   12.209|
B<1>           |Max<3>         |   12.016|
B<1>           |Max<4>         |   11.486|
B<1>           |Max<5>         |   11.874|
B<1>           |Max<6>         |   11.516|
B<1>           |Max<7>         |   11.607|
B<1>           |Med<0>         |   11.039|
B<1>           |Med<1>         |   12.310|
B<1>           |Med<2>         |   12.164|
B<1>           |Med<3>         |   11.969|
B<1>           |Med<4>         |   11.303|
B<1>           |Med<5>         |   11.295|
B<1>           |Med<6>         |   11.980|
B<1>           |Med<7>         |   10.836|
B<1>           |Min<0>         |   12.152|
B<1>           |Min<1>         |   11.967|
B<1>           |Min<2>         |   11.352|
B<1>           |Min<3>         |   11.868|
B<1>           |Min<4>         |   11.836|
B<1>           |Min<5>         |   11.401|
B<1>           |Min<6>         |   11.712|
B<1>           |Min<7>         |   11.537|
B<2>           |Max<0>         |   12.194|
B<2>           |Max<1>         |   12.405|
B<2>           |Max<2>         |   12.291|
B<2>           |Max<3>         |   12.098|
B<2>           |Max<4>         |   11.568|
B<2>           |Max<5>         |   11.956|
B<2>           |Max<6>         |   11.598|
B<2>           |Max<7>         |   11.689|
B<2>           |Med<0>         |   11.121|
B<2>           |Med<1>         |   12.392|
B<2>           |Med<2>         |   12.246|
B<2>           |Med<3>         |   12.051|
B<2>           |Med<4>         |   11.385|
B<2>           |Med<5>         |   11.394|
B<2>           |Med<6>         |   12.079|
B<2>           |Med<7>         |   10.935|
B<2>           |Min<0>         |   12.251|
B<2>           |Min<1>         |   12.063|
B<2>           |Min<2>         |   11.434|
B<2>           |Min<3>         |   11.950|
B<2>           |Min<4>         |   11.918|
B<2>           |Min<5>         |   11.500|
B<2>           |Min<6>         |   11.811|
B<2>           |Min<7>         |   11.636|
B<3>           |Max<0>         |   11.662|
B<3>           |Max<1>         |   11.873|
B<3>           |Max<2>         |   11.759|
B<3>           |Max<3>         |   11.566|
B<3>           |Max<4>         |   11.036|
B<3>           |Max<5>         |   11.424|
B<3>           |Max<6>         |   11.066|
B<3>           |Max<7>         |   11.157|
B<3>           |Med<0>         |   11.089|
B<3>           |Med<1>         |   11.860|
B<3>           |Med<2>         |   11.757|
B<3>           |Med<3>         |   11.519|
B<3>           |Med<4>         |   10.853|
B<3>           |Med<5>         |   11.546|
B<3>           |Med<6>         |   12.231|
B<3>           |Med<7>         |   11.087|
B<3>           |Min<0>         |   12.403|
B<3>           |Min<1>         |   12.215|
B<3>           |Min<2>         |   11.586|
B<3>           |Min<3>         |   11.641|
B<3>           |Min<4>         |   11.386|
B<3>           |Min<5>         |   11.652|
B<3>           |Min<6>         |   11.963|
B<3>           |Min<7>         |   11.788|
B<4>           |Max<0>         |   11.921|
B<4>           |Max<1>         |   12.132|
B<4>           |Max<2>         |   12.018|
B<4>           |Max<3>         |   11.825|
B<4>           |Max<4>         |   11.295|
B<4>           |Max<5>         |   11.683|
B<4>           |Max<6>         |   11.325|
B<4>           |Max<7>         |   11.416|
B<4>           |Med<0>         |   11.348|
B<4>           |Med<1>         |   12.119|
B<4>           |Med<2>         |   12.016|
B<4>           |Med<3>         |   11.778|
B<4>           |Med<4>         |   11.112|
B<4>           |Med<5>         |   11.805|
B<4>           |Med<6>         |   12.490|
B<4>           |Med<7>         |   11.346|
B<4>           |Min<0>         |   12.662|
B<4>           |Min<1>         |   12.474|
B<4>           |Min<2>         |   11.845|
B<4>           |Min<3>         |   11.900|
B<4>           |Min<4>         |   11.645|
B<4>           |Min<5>         |   11.911|
B<4>           |Min<6>         |   12.222|
B<4>           |Min<7>         |   12.047|
B<5>           |Max<0>         |   11.552|
B<5>           |Max<1>         |   11.763|
B<5>           |Max<2>         |   11.649|
B<5>           |Max<3>         |   11.456|
B<5>           |Max<4>         |   10.926|
B<5>           |Max<5>         |   11.314|
B<5>           |Max<6>         |   10.956|
B<5>           |Max<7>         |   11.047|
B<5>           |Med<0>         |   10.479|
B<5>           |Med<1>         |   11.750|
B<5>           |Med<2>         |   11.604|
B<5>           |Med<3>         |   11.409|
B<5>           |Med<4>         |   10.743|
B<5>           |Med<5>         |   10.770|
B<5>           |Med<6>         |   11.455|
B<5>           |Med<7>         |   10.311|
B<5>           |Min<0>         |   11.627|
B<5>           |Min<1>         |   11.439|
B<5>           |Min<2>         |   10.810|
B<5>           |Min<3>         |   11.308|
B<5>           |Min<4>         |   11.276|
B<5>           |Min<5>         |   10.876|
B<5>           |Min<6>         |   11.187|
B<5>           |Min<7>         |   11.012|
B<6>           |Max<0>         |   10.993|
B<6>           |Max<1>         |   11.204|
B<6>           |Max<2>         |   11.090|
B<6>           |Max<3>         |   10.897|
B<6>           |Max<4>         |   10.367|
B<6>           |Max<5>         |   10.755|
B<6>           |Max<6>         |   10.397|
B<6>           |Max<7>         |   10.488|
B<6>           |Med<0>         |   10.265|
B<6>           |Med<1>         |   11.191|
B<6>           |Med<2>         |   11.045|
B<6>           |Med<3>         |   10.850|
B<6>           |Med<4>         |   10.184|
B<6>           |Med<5>         |   10.722|
B<6>           |Med<6>         |   11.407|
B<6>           |Med<7>         |   10.263|
B<6>           |Min<0>         |   11.579|
B<6>           |Min<1>         |   11.391|
B<6>           |Min<2>         |   10.762|
B<6>           |Min<3>         |   10.817|
B<6>           |Min<4>         |   10.717|
B<6>           |Min<5>         |   10.828|
B<6>           |Min<6>         |   11.139|
B<6>           |Min<7>         |   10.964|
B<7>           |Max<0>         |   10.752|
B<7>           |Max<1>         |   10.963|
B<7>           |Max<2>         |   10.849|
B<7>           |Max<3>         |   10.656|
B<7>           |Max<4>         |   10.126|
B<7>           |Max<5>         |   10.514|
B<7>           |Max<6>         |   10.156|
B<7>           |Max<7>         |   10.247|
B<7>           |Med<0>         |    9.946|
B<7>           |Med<1>         |   10.950|
B<7>           |Med<2>         |   10.804|
B<7>           |Med<3>         |   10.609|
B<7>           |Med<4>         |    9.943|
B<7>           |Med<5>         |   10.403|
B<7>           |Med<6>         |   11.088|
B<7>           |Med<7>         |    9.944|
B<7>           |Min<0>         |   11.260|
B<7>           |Min<1>         |   11.072|
B<7>           |Min<2>         |   10.515|
B<7>           |Min<3>         |   10.508|
B<7>           |Min<4>         |   10.476|
B<7>           |Min<5>         |   10.509|
B<7>           |Min<6>         |   10.820|
B<7>           |Min<7>         |   10.645|
C<0>           |Max<0>         |   12.936|
C<0>           |Max<1>         |   13.147|
C<0>           |Max<2>         |   13.033|
C<0>           |Max<3>         |   12.840|
C<0>           |Max<4>         |   12.310|
C<0>           |Max<5>         |   12.698|
C<0>           |Max<6>         |   12.340|
C<0>           |Max<7>         |   12.431|
C<0>           |Med<0>         |   11.967|
C<0>           |Med<1>         |   13.134|
C<0>           |Med<2>         |   12.988|
C<0>           |Med<3>         |   12.793|
C<0>           |Med<4>         |   12.127|
C<0>           |Med<5>         |   12.424|
C<0>           |Med<6>         |   13.109|
C<0>           |Med<7>         |   11.965|
C<0>           |Min<0>         |   13.281|
C<0>           |Min<1>         |   13.093|
C<0>           |Min<2>         |   12.464|
C<0>           |Min<3>         |   12.692|
C<0>           |Min<4>         |   12.660|
C<0>           |Min<5>         |   12.530|
C<0>           |Min<6>         |   12.841|
C<0>           |Min<7>         |   12.666|
C<1>           |Max<0>         |   13.042|
C<1>           |Max<1>         |   13.253|
C<1>           |Max<2>         |   13.139|
C<1>           |Max<3>         |   12.946|
C<1>           |Max<4>         |   12.416|
C<1>           |Max<5>         |   12.804|
C<1>           |Max<6>         |   12.446|
C<1>           |Max<7>         |   12.537|
C<1>           |Med<0>         |   11.969|
C<1>           |Med<1>         |   13.240|
C<1>           |Med<2>         |   13.094|
C<1>           |Med<3>         |   12.899|
C<1>           |Med<4>         |   12.233|
C<1>           |Med<5>         |   12.298|
C<1>           |Med<6>         |   12.983|
C<1>           |Med<7>         |   11.839|
C<1>           |Min<0>         |   13.155|
C<1>           |Min<1>         |   12.967|
C<1>           |Min<2>         |   12.338|
C<1>           |Min<3>         |   12.798|
C<1>           |Min<4>         |   12.766|
C<1>           |Min<5>         |   12.404|
C<1>           |Min<6>         |   12.715|
C<1>           |Min<7>         |   12.540|
C<2>           |Max<0>         |   12.770|
C<2>           |Max<1>         |   12.981|
C<2>           |Max<2>         |   12.867|
C<2>           |Max<3>         |   12.674|
C<2>           |Max<4>         |   12.144|
C<2>           |Max<5>         |   12.532|
C<2>           |Max<6>         |   12.174|
C<2>           |Max<7>         |   12.265|
C<2>           |Med<0>         |   12.348|
C<2>           |Med<1>         |   12.968|
C<2>           |Med<2>         |   13.016|
C<2>           |Med<3>         |   12.627|
C<2>           |Med<4>         |   12.104|
C<2>           |Med<5>         |   12.805|
C<2>           |Med<6>         |   13.490|
C<2>           |Med<7>         |   12.346|
C<2>           |Min<0>         |   13.662|
C<2>           |Min<1>         |   13.474|
C<2>           |Min<2>         |   12.845|
C<2>           |Min<3>         |   12.900|
C<2>           |Min<4>         |   12.494|
C<2>           |Min<5>         |   12.911|
C<2>           |Min<6>         |   13.222|
C<2>           |Min<7>         |   13.047|
C<3>           |Max<0>         |   12.394|
C<3>           |Max<1>         |   12.605|
C<3>           |Max<2>         |   12.491|
C<3>           |Max<3>         |   12.298|
C<3>           |Max<4>         |   11.768|
C<3>           |Max<5>         |   12.156|
C<3>           |Max<6>         |   11.798|
C<3>           |Max<7>         |   11.889|
C<3>           |Med<0>         |   11.821|
C<3>           |Med<1>         |   12.592|
C<3>           |Med<2>         |   12.489|
C<3>           |Med<3>         |   12.251|
C<3>           |Med<4>         |   11.585|
C<3>           |Med<5>         |   12.278|
C<3>           |Med<6>         |   12.963|
C<3>           |Med<7>         |   11.819|
C<3>           |Min<0>         |   13.135|
C<3>           |Min<1>         |   12.947|
C<3>           |Min<2>         |   12.318|
C<3>           |Min<3>         |   12.373|
C<3>           |Min<4>         |   12.118|
C<3>           |Min<5>         |   12.384|
C<3>           |Min<6>         |   12.695|
C<3>           |Min<7>         |   12.520|
C<4>           |Max<0>         |   12.925|
C<4>           |Max<1>         |   13.136|
C<4>           |Max<2>         |   13.022|
C<4>           |Max<3>         |   12.829|
C<4>           |Max<4>         |   12.299|
C<4>           |Max<5>         |   12.687|
C<4>           |Max<6>         |   12.329|
C<4>           |Max<7>         |   12.420|
C<4>           |Med<0>         |   12.352|
C<4>           |Med<1>         |   13.123|
C<4>           |Med<2>         |   13.020|
C<4>           |Med<3>         |   12.782|
C<4>           |Med<4>         |   12.116|
C<4>           |Med<5>         |   12.809|
C<4>           |Med<6>         |   13.494|
C<4>           |Med<7>         |   12.350|
C<4>           |Min<0>         |   13.666|
C<4>           |Min<1>         |   13.478|
C<4>           |Min<2>         |   12.849|
C<4>           |Min<3>         |   12.904|
C<4>           |Min<4>         |   12.649|
C<4>           |Min<5>         |   12.915|
C<4>           |Min<6>         |   13.226|
C<4>           |Min<7>         |   13.051|
C<5>           |Max<0>         |   11.789|
C<5>           |Max<1>         |   12.000|
C<5>           |Max<2>         |   11.886|
C<5>           |Max<3>         |   11.693|
C<5>           |Max<4>         |   11.163|
C<5>           |Max<5>         |   11.551|
C<5>           |Max<6>         |   11.193|
C<5>           |Max<7>         |   11.284|
C<5>           |Med<0>         |   10.716|
C<5>           |Med<1>         |   11.987|
C<5>           |Med<2>         |   11.841|
C<5>           |Med<3>         |   11.646|
C<5>           |Med<4>         |   10.980|
C<5>           |Med<5>         |   11.163|
C<5>           |Med<6>         |   11.848|
C<5>           |Med<7>         |   10.704|
C<5>           |Min<0>         |   12.020|
C<5>           |Min<1>         |   11.832|
C<5>           |Min<2>         |   11.203|
C<5>           |Min<3>         |   11.545|
C<5>           |Min<4>         |   11.513|
C<5>           |Min<5>         |   11.269|
C<5>           |Min<6>         |   11.580|
C<5>           |Min<7>         |   11.405|
C<6>           |Max<0>         |    9.613|
C<6>           |Max<1>         |    9.449|
C<6>           |Max<2>         |    9.772|
C<6>           |Max<3>         |    9.716|
C<6>           |Max<4>         |    9.763|
C<6>           |Max<5>         |    9.631|
C<6>           |Max<6>         |   10.490|
C<6>           |Max<7>         |    9.720|
C<6>           |Med<0>         |   11.215|
C<6>           |Med<1>         |   11.370|
C<6>           |Med<2>         |   11.883|
C<6>           |Med<3>         |   11.166|
C<6>           |Med<4>         |   10.971|
C<6>           |Med<5>         |   11.672|
C<6>           |Med<6>         |   12.357|
C<6>           |Med<7>         |   11.213|
C<6>           |Min<0>         |   12.529|
C<6>           |Min<1>         |   12.341|
C<6>           |Min<2>         |   11.712|
C<6>           |Min<3>         |   11.767|
C<6>           |Min<4>         |   10.544|
C<6>           |Min<5>         |   11.778|
C<6>           |Min<6>         |   12.089|
C<6>           |Min<7>         |   11.914|
C<7>           |Max<0>         |    9.191|
C<7>           |Max<1>         |    9.174|
C<7>           |Max<2>         |    9.350|
C<7>           |Max<3>         |    9.371|
C<7>           |Max<4>         |    9.341|
C<7>           |Max<5>         |    9.424|
C<7>           |Max<6>         |   10.068|
C<7>           |Max<7>         |    9.298|
C<7>           |Med<0>         |   10.793|
C<7>           |Med<1>         |   10.948|
C<7>           |Med<2>         |   11.461|
C<7>           |Med<3>         |   10.744|
C<7>           |Med<4>         |   10.549|
C<7>           |Med<5>         |   11.250|
C<7>           |Med<6>         |   11.935|
C<7>           |Med<7>         |   10.791|
C<7>           |Min<0>         |   12.107|
C<7>           |Min<1>         |   11.919|
C<7>           |Min<2>         |   11.290|
C<7>           |Min<3>         |   11.345|
C<7>           |Min<4>         |   10.122|
C<7>           |Min<5>         |   11.356|
C<7>           |Min<6>         |   11.667|
C<7>           |Min<7>         |   11.492|
---------------+---------------+---------+


Analysis completed Mon Dec 02 10:59:05 2019 
--------------------------------------------------------------------------------

Trace Settings:
-------------------------
Trace Settings 

Peak Memory Usage: 4575 MB



